// Jest Snapshot v1, https://goo.gl/fbAQLP

exports[`<SampleForm /> should render properly without crashing 1`] = `
Array [
  <ContentHolder>
    <Card
      tag="div"
    >
      <CardBody
        tag="div"
      >
        <CardTitle
          tag="div"
        >
          <h2>
            Register
          </h2>
        </CardTitle>
        <DropdownItem
          className="mb-3"
          divider={true}
          tag="button"
          toggle={true}
        />
        <Row
          form={true}
          tag="div"
          widths={
            Array [
              "xs",
              "sm",
              "md",
              "lg",
              "xl",
            ]
          }
        >
          <Col
            md={6}
            tag="div"
            widths={
              Array [
                "xs",
                "sm",
                "md",
                "lg",
                "xl",
              ]
            }
          >
            <FormGroup
              tag="div"
            >
              <Label
                for="email"
                tag="label"
                widths={
                  Array [
                    "xs",
                    "sm",
                    "md",
                    "lg",
                    "xl",
                  ]
                }
              >
                Email
              </Label>
              <Input
                id="email"
                placeholder="12345@example.com"
                type="email"
              />
            </FormGroup>
          </Col>
          <Col
            md={6}
            tag="div"
            widths={
              Array [
                "xs",
                "sm",
                "md",
                "lg",
                "xl",
              ]
            }
          >
            <FormGroup
              tag="div"
            >
              <Label
                for="password"
                tag="label"
                widths={
                  Array [
                    "xs",
                    "sm",
                    "md",
                    "lg",
                    "xl",
                  ]
                }
              >
                Password
              </Label>
              <Input
                id="password"
                type="password"
              />
            </FormGroup>
          </Col>
        </Row>
        <FormGroup
          tag="div"
        >
          <Label
            for="address"
            tag="label"
            widths={
              Array [
                "xs",
                "sm",
                "md",
                "lg",
                "xl",
              ]
            }
          >
            Address
          </Label>
          <Input
            id="address"
            placeholder="1234 Main St"
            type="text"
          />
        </FormGroup>
        <FormGroup
          tag="div"
        >
          <Label
            for="address2"
            tag="label"
            widths={
              Array [
                "xs",
                "sm",
                "md",
                "lg",
                "xl",
              ]
            }
          >
            Address 2
          </Label>
          <Input
            id="address2"
            placeholder="Apartment, studio, or floor"
            type="text"
          />
        </FormGroup>
        <Row
          form={true}
          tag="div"
          widths={
            Array [
              "xs",
              "sm",
              "md",
              "lg",
              "xl",
            ]
          }
        >
          <Col
            md={6}
            tag="div"
            widths={
              Array [
                "xs",
                "sm",
                "md",
                "lg",
                "xl",
              ]
            }
          >
            <FormGroup
              tag="div"
            >
              <Label
                for="city"
                tag="label"
                widths={
                  Array [
                    "xs",
                    "sm",
                    "md",
                    "lg",
                    "xl",
                  ]
                }
              >
                City
              </Label>
              <Input
                id="city"
                type="text"
              />
            </FormGroup>
          </Col>
          <Col
            md={4}
            tag="div"
            widths={
              Array [
                "xs",
                "sm",
                "md",
                "lg",
                "xl",
              ]
            }
          >
            <FormGroup
              tag="div"
            >
              <Label
                for="state"
                tag="label"
                widths={
                  Array [
                    "xs",
                    "sm",
                    "md",
                    "lg",
                    "xl",
                  ]
                }
              >
                State
              </Label>
              <Input
                id="state"
                type="text"
              />
            </FormGroup>
          </Col>
          <Col
            md={2}
            tag="div"
            widths={
              Array [
                "xs",
                "sm",
                "md",
                "lg",
                "xl",
              ]
            }
          >
            <FormGroup
              tag="div"
            >
              <Label
                for="zip"
                tag="label"
                widths={
                  Array [
                    "xs",
                    "sm",
                    "md",
                    "lg",
                    "xl",
                  ]
                }
              >
                Zip
              </Label>
              <Input
                id="zip"
                type="text"
              />
            </FormGroup>
          </Col>
          <Col
            md={12}
            tag="div"
            widths={
              Array [
                "xs",
                "sm",
                "md",
                "lg",
                "xl",
              ]
            }
          >
            <Button
              block={true}
              color="primary"
              tag="button"
            >
              Register
            </Button>
          </Col>
        </Row>
      </CardBody>
    </Card>
  </ContentHolder>,
]
`;
